Archive member included to satisfy reference by file (symbol)

d:/courses/embedded systems/tools/avr-gcc-10.1.0-x64-windows/avr-gcc-10.1.0-x64-windows/bin/../lib/gcc/avr/10.1.0/avr5\libgcc.a(_exit.o)
                              d:/courses/embedded systems/tools/avr-gcc-10.1.0-x64-windows/avr-gcc-10.1.0-x64-windows/bin/../lib/gcc/avr/10.1.0/../../../../avr/lib/avr5/crtatmega32.o (exit)
d:/courses/embedded systems/tools/avr-gcc-10.1.0-x64-windows/avr-gcc-10.1.0-x64-windows/bin/../lib/gcc/avr/10.1.0/avr5\libgcc.a(_copy_data.o)
                              ./SPI_program.o (__do_copy_data)
d:/courses/embedded systems/tools/avr-gcc-10.1.0-x64-windows/avr-gcc-10.1.0-x64-windows/bin/../lib/gcc/avr/10.1.0/avr5\libgcc.a(_clear_bss.o)
                              ./SPI_program.o (__do_clear_bss)
d:/courses/embedded systems/tools/avr-gcc-10.1.0-x64-windows/avr-gcc-10.1.0-x64-windows/bin/../lib/gcc/avr/10.1.0/avr5\libgcc.a(_umulhisi3.o)
                              ./LCD_program.o (__umulhisi3)
d:/courses/embedded systems/tools/avr-gcc-10.1.0-x64-windows/avr-gcc-10.1.0-x64-windows/bin/../lib/gcc/avr/10.1.0/avr5\libgcc.a(_udivdi3.o)
                              ./UART_program.o (__udivdi3)
d:/courses/embedded systems/tools/avr-gcc-10.1.0-x64-windows/avr-gcc-10.1.0-x64-windows/bin/../lib/gcc/avr/10.1.0/avr5\libgcc.a(_udivmod64.o)
                              d:/courses/embedded systems/tools/avr-gcc-10.1.0-x64-windows/avr-gcc-10.1.0-x64-windows/bin/../lib/gcc/avr/10.1.0/avr5\libgcc.a(_udivdi3.o) (__udivmod64)
d:/courses/embedded systems/tools/avr-gcc-10.1.0-x64-windows/avr-gcc-10.1.0-x64-windows/bin/../lib/gcc/avr/10.1.0/avr5\libgcc.a(_ashldi3.o)
                              ./UART_program.o (__ashldi3)
d:/courses/embedded systems/tools/avr-gcc-10.1.0-x64-windows/avr-gcc-10.1.0-x64-windows/bin/../lib/gcc/avr/10.1.0/../../../../avr/lib/avr5\libm.a(cmpsf2.o)
                              ./LCD_program.o (__ltsf2)
d:/courses/embedded systems/tools/avr-gcc-10.1.0-x64-windows/avr-gcc-10.1.0-x64-windows/bin/../lib/gcc/avr/10.1.0/../../../../avr/lib/avr5\libm.a(fixunssfsi.o)
                              ./LCD_program.o (__fixunssfsi)
d:/courses/embedded systems/tools/avr-gcc-10.1.0-x64-windows/avr-gcc-10.1.0-x64-windows/bin/../lib/gcc/avr/10.1.0/../../../../avr/lib/avr5\libm.a(fp_cmp.o)
                              d:/courses/embedded systems/tools/avr-gcc-10.1.0-x64-windows/avr-gcc-10.1.0-x64-windows/bin/../lib/gcc/avr/10.1.0/../../../../avr/lib/avr5\libm.a(cmpsf2.o) (__fp_cmp)
d:/courses/embedded systems/tools/avr-gcc-10.1.0-x64-windows/avr-gcc-10.1.0-x64-windows/bin/../lib/gcc/avr/10.1.0/../../../../avr/lib/avr5\libm.a(fp_split3.o)
                              d:/courses/embedded systems/tools/avr-gcc-10.1.0-x64-windows/avr-gcc-10.1.0-x64-windows/bin/../lib/gcc/avr/10.1.0/../../../../avr/lib/avr5\libm.a(fixunssfsi.o) (__fp_splitA)
d:/courses/embedded systems/tools/avr-gcc-10.1.0-x64-windows/avr-gcc-10.1.0-x64-windows/bin/../lib/gcc/avr/10.1.0/../../../../avr/lib/avr5\libm.a(fp_zero.o)
                              d:/courses/embedded systems/tools/avr-gcc-10.1.0-x64-windows/avr-gcc-10.1.0-x64-windows/bin/../lib/gcc/avr/10.1.0/../../../../avr/lib/avr5\libm.a(fixunssfsi.o) (__fp_zero)
d:/courses/embedded systems/tools/avr-gcc-10.1.0-x64-windows/avr-gcc-10.1.0-x64-windows/bin/../lib/gcc/avr/10.1.0/../../../../avr/lib/avr5\libm.a(gesf2.o)
                              ./LCD_program.o (__gtsf2)
d:/courses/embedded systems/tools/avr-gcc-10.1.0-x64-windows/avr-gcc-10.1.0-x64-windows/bin/../lib/gcc/avr/10.1.0/../../../../avr/lib/avr5\libm.a(mulsf3.o)
                              ./LCD_program.o (__mulsf3)
d:/courses/embedded systems/tools/avr-gcc-10.1.0-x64-windows/avr-gcc-10.1.0-x64-windows/bin/../lib/gcc/avr/10.1.0/../../../../avr/lib/avr5\libm.a(mulsf3x.o)
                              d:/courses/embedded systems/tools/avr-gcc-10.1.0-x64-windows/avr-gcc-10.1.0-x64-windows/bin/../lib/gcc/avr/10.1.0/../../../../avr/lib/avr5\libm.a(mulsf3.o) (__mulsf3x)
d:/courses/embedded systems/tools/avr-gcc-10.1.0-x64-windows/avr-gcc-10.1.0-x64-windows/bin/../lib/gcc/avr/10.1.0/../../../../avr/lib/avr5\libm.a(fp_inf.o)
                              d:/courses/embedded systems/tools/avr-gcc-10.1.0-x64-windows/avr-gcc-10.1.0-x64-windows/bin/../lib/gcc/avr/10.1.0/../../../../avr/lib/avr5\libm.a(mulsf3x.o) (__fp_inf)
d:/courses/embedded systems/tools/avr-gcc-10.1.0-x64-windows/avr-gcc-10.1.0-x64-windows/bin/../lib/gcc/avr/10.1.0/../../../../avr/lib/avr5\libm.a(fp_nan.o)
                              d:/courses/embedded systems/tools/avr-gcc-10.1.0-x64-windows/avr-gcc-10.1.0-x64-windows/bin/../lib/gcc/avr/10.1.0/../../../../avr/lib/avr5\libm.a(mulsf3x.o) (__fp_nan)
d:/courses/embedded systems/tools/avr-gcc-10.1.0-x64-windows/avr-gcc-10.1.0-x64-windows/bin/../lib/gcc/avr/10.1.0/../../../../avr/lib/avr5\libm.a(fp_pscA.o)
                              d:/courses/embedded systems/tools/avr-gcc-10.1.0-x64-windows/avr-gcc-10.1.0-x64-windows/bin/../lib/gcc/avr/10.1.0/../../../../avr/lib/avr5\libm.a(mulsf3x.o) (__fp_pscA)
d:/courses/embedded systems/tools/avr-gcc-10.1.0-x64-windows/avr-gcc-10.1.0-x64-windows/bin/../lib/gcc/avr/10.1.0/../../../../avr/lib/avr5\libm.a(fp_pscB.o)
                              d:/courses/embedded systems/tools/avr-gcc-10.1.0-x64-windows/avr-gcc-10.1.0-x64-windows/bin/../lib/gcc/avr/10.1.0/../../../../avr/lib/avr5\libm.a(mulsf3x.o) (__fp_pscB)
d:/courses/embedded systems/tools/avr-gcc-10.1.0-x64-windows/avr-gcc-10.1.0-x64-windows/bin/../lib/gcc/avr/10.1.0/../../../../avr/lib/avr5\libm.a(fp_round.o)
                              d:/courses/embedded systems/tools/avr-gcc-10.1.0-x64-windows/avr-gcc-10.1.0-x64-windows/bin/../lib/gcc/avr/10.1.0/../../../../avr/lib/avr5\libm.a(mulsf3.o) (__fp_round)

Memory Configuration

Name             Origin             Length             Attributes
text             0x0000000000000000 0x0000000000020000 xr
data             0x0000000000800060 0x000000000000ffa0 rw !x
eeprom           0x0000000000810000 0x0000000000010000 rw !x
fuse             0x0000000000820000 0x0000000000000002 rw !x
lock             0x0000000000830000 0x0000000000000400 rw !x
signature        0x0000000000840000 0x0000000000000400 rw !x
user_signatures  0x0000000000850000 0x0000000000000400 rw !x
*default*        0x0000000000000000 0xffffffffffffffff

Linker script and memory map

LOAD d:/courses/embedded systems/tools/avr-gcc-10.1.0-x64-windows/avr-gcc-10.1.0-x64-windows/bin/../lib/gcc/avr/10.1.0/../../../../avr/lib/avr5/crtatmega32.o
LOAD ./DIO_program.o
LOAD ./LCD_program.o
LOAD ./SPI_program.o
LOAD ./UART_program.o
LOAD ./led_program.o
LOAD ./main.o
START GROUP
LOAD d:/courses/embedded systems/tools/avr-gcc-10.1.0-x64-windows/avr-gcc-10.1.0-x64-windows/bin/../lib/gcc/avr/10.1.0/avr5\libgcc.a
LOAD d:/courses/embedded systems/tools/avr-gcc-10.1.0-x64-windows/avr-gcc-10.1.0-x64-windows/bin/../lib/gcc/avr/10.1.0/../../../../avr/lib/avr5\libm.a
LOAD d:/courses/embedded systems/tools/avr-gcc-10.1.0-x64-windows/avr-gcc-10.1.0-x64-windows/bin/../lib/gcc/avr/10.1.0/../../../../avr/lib/avr5\libc.a
LOAD d:/courses/embedded systems/tools/avr-gcc-10.1.0-x64-windows/avr-gcc-10.1.0-x64-windows/bin/../lib/gcc/avr/10.1.0/../../../../avr/lib/avr5\libatmega32.a
END GROUP
                0x0000000000020000                __TEXT_REGION_LENGTH__ = DEFINED (__TEXT_REGION_LENGTH__)?__TEXT_REGION_LENGTH__:0x20000
                0x000000000000ffa0                __DATA_REGION_LENGTH__ = DEFINED (__DATA_REGION_LENGTH__)?__DATA_REGION_LENGTH__:0xffa0
                0x0000000000010000                __EEPROM_REGION_LENGTH__ = DEFINED (__EEPROM_REGION_LENGTH__)?__EEPROM_REGION_LENGTH__:0x10000
                [0x0000000000000002]                __FUSE_REGION_LENGTH__ = DEFINED (__FUSE_REGION_LENGTH__)?__FUSE_REGION_LENGTH__:0x400
                0x0000000000000400                __LOCK_REGION_LENGTH__ = DEFINED (__LOCK_REGION_LENGTH__)?__LOCK_REGION_LENGTH__:0x400
                0x0000000000000400                __SIGNATURE_REGION_LENGTH__ = DEFINED (__SIGNATURE_REGION_LENGTH__)?__SIGNATURE_REGION_LENGTH__:0x400
                0x0000000000000400                __USER_SIGNATURE_REGION_LENGTH__ = DEFINED (__USER_SIGNATURE_REGION_LENGTH__)?__USER_SIGNATURE_REGION_LENGTH__:0x400

.hash
 *(.hash)

.dynsym
 *(.dynsym)

.dynstr
 *(.dynstr)

.gnu.version
 *(.gnu.version)

.gnu.version_d
 *(.gnu.version_d)

.gnu.version_r
 *(.gnu.version_r)

.rel.init
 *(.rel.init)

.rela.init
 *(.rela.init)

.rel.text
 *(.rel.text)
 *(.rel.text.*)
 *(.rel.gnu.linkonce.t*)

.rela.text
 *(.rela.text)
 *(.rela.text.*)
 *(.rela.gnu.linkonce.t*)

.rel.fini
 *(.rel.fini)

.rela.fini
 *(.rela.fini)

.rel.rodata
 *(.rel.rodata)
 *(.rel.rodata.*)
 *(.rel.gnu.linkonce.r*)

.rela.rodata
 *(.rela.rodata)
 *(.rela.rodata.*)
 *(.rela.gnu.linkonce.r*)

.rel.data
 *(.rel.data)
 *(.rel.data.*)
 *(.rel.gnu.linkonce.d*)

.rela.data
 *(.rela.data)
 *(.rela.data.*)
 *(.rela.gnu.linkonce.d*)

.rel.ctors
 *(.rel.ctors)

.rela.ctors
 *(.rela.ctors)

.rel.dtors
 *(.rel.dtors)

.rela.dtors
 *(.rela.dtors)

.rel.got
 *(.rel.got)

.rela.got
 *(.rela.got)

.rel.bss
 *(.rel.bss)

.rela.bss
 *(.rela.bss)

.rel.plt
 *(.rel.plt)

.rela.plt
 *(.rela.plt)

.text           0x0000000000000000     0x334a
 *(.vectors)
 .vectors       0x0000000000000000       0x54 d:/courses/embedded systems/tools/avr-gcc-10.1.0-x64-windows/avr-gcc-10.1.0-x64-windows/bin/../lib/gcc/avr/10.1.0/../../../../avr/lib/avr5/crtatmega32.o
                0x0000000000000000                __vector_default
                0x0000000000000000                __vectors
 *(.vectors)
 *(.progmem.gcc*)
                0x0000000000000054                . = ALIGN (0x2)
                0x0000000000000054                __trampolines_start = .
 *(.trampolines)
 .trampolines   0x0000000000000054        0x0 linker stubs
 *(.trampolines*)
                0x0000000000000054                __trampolines_end = .
 *libprintf_flt.a:*(.progmem.data)
 *libc.a:*(.progmem.data)
 *(.progmem.*)
                0x0000000000000054                . = ALIGN (0x2)
 *(.lowtext)
 *(.lowtext*)
                0x0000000000000054                __ctors_start = .
 *(.ctors)
                0x0000000000000054                __ctors_end = .
                0x0000000000000054                __dtors_start = .
 *(.dtors)
                0x0000000000000054                __dtors_end = .
 SORT_BY_NAME(*)(.ctors)
 SORT_BY_NAME(*)(.dtors)
 *(.init0)
 .init0         0x0000000000000054        0x0 d:/courses/embedded systems/tools/avr-gcc-10.1.0-x64-windows/avr-gcc-10.1.0-x64-windows/bin/../lib/gcc/avr/10.1.0/../../../../avr/lib/avr5/crtatmega32.o
                0x0000000000000054                __init
 *(.init0)
 *(.init1)
 *(.init1)
 *(.init2)
 .init2         0x0000000000000054        0xc d:/courses/embedded systems/tools/avr-gcc-10.1.0-x64-windows/avr-gcc-10.1.0-x64-windows/bin/../lib/gcc/avr/10.1.0/../../../../avr/lib/avr5/crtatmega32.o
 *(.init2)
 *(.init3)
 *(.init3)
 *(.init4)
 .init4         0x0000000000000060       0x16 d:/courses/embedded systems/tools/avr-gcc-10.1.0-x64-windows/avr-gcc-10.1.0-x64-windows/bin/../lib/gcc/avr/10.1.0/avr5\libgcc.a(_copy_data.o)
                0x0000000000000060                __do_copy_data
 .init4         0x0000000000000076       0x10 d:/courses/embedded systems/tools/avr-gcc-10.1.0-x64-windows/avr-gcc-10.1.0-x64-windows/bin/../lib/gcc/avr/10.1.0/avr5\libgcc.a(_clear_bss.o)
                0x0000000000000076                __do_clear_bss
 *(.init4)
 *(.init5)
 *(.init5)
 *(.init6)
 *(.init6)
 *(.init7)
 *(.init7)
 *(.init8)
 *(.init8)
 *(.init9)
 .init9         0x0000000000000086        0x8 d:/courses/embedded systems/tools/avr-gcc-10.1.0-x64-windows/avr-gcc-10.1.0-x64-windows/bin/../lib/gcc/avr/10.1.0/../../../../avr/lib/avr5/crtatmega32.o
 *(.init9)
 *(.text)
 .text          0x000000000000008e        0x4 d:/courses/embedded systems/tools/avr-gcc-10.1.0-x64-windows/avr-gcc-10.1.0-x64-windows/bin/../lib/gcc/avr/10.1.0/../../../../avr/lib/avr5/crtatmega32.o
                0x000000000000008e                __vector_1
                0x000000000000008e                __bad_interrupt
                0x000000000000008e                __vector_6
                0x000000000000008e                __vector_3
                0x000000000000008e                __vector_11
                0x000000000000008e                __vector_17
                0x000000000000008e                __vector_19
                0x000000000000008e                __vector_7
                0x000000000000008e                __vector_5
                0x000000000000008e                __vector_4
                0x000000000000008e                __vector_9
                0x000000000000008e                __vector_2
                0x000000000000008e                __vector_15
                0x000000000000008e                __vector_8
                0x000000000000008e                __vector_10
                0x000000000000008e                __vector_16
                0x000000000000008e                __vector_18
                0x000000000000008e                __vector_20
 .text          0x0000000000000092        0x0 ./DIO_program.o
 .text          0x0000000000000092        0x0 ./LCD_program.o
 .text          0x0000000000000092        0x0 ./SPI_program.o
 .text          0x0000000000000092        0x0 ./UART_program.o
 .text          0x0000000000000092        0x0 ./led_program.o
 .text          0x0000000000000092        0x0 ./main.o
 .text          0x0000000000000092        0x0 d:/courses/embedded systems/tools/avr-gcc-10.1.0-x64-windows/avr-gcc-10.1.0-x64-windows/bin/../lib/gcc/avr/10.1.0/avr5\libgcc.a(_exit.o)
 .text          0x0000000000000092        0x0 d:/courses/embedded systems/tools/avr-gcc-10.1.0-x64-windows/avr-gcc-10.1.0-x64-windows/bin/../lib/gcc/avr/10.1.0/avr5\libgcc.a(_copy_data.o)
 .text          0x0000000000000092        0x0 d:/courses/embedded systems/tools/avr-gcc-10.1.0-x64-windows/avr-gcc-10.1.0-x64-windows/bin/../lib/gcc/avr/10.1.0/avr5\libgcc.a(_clear_bss.o)
 .text          0x0000000000000092        0x0 d:/courses/embedded systems/tools/avr-gcc-10.1.0-x64-windows/avr-gcc-10.1.0-x64-windows/bin/../lib/gcc/avr/10.1.0/avr5\libgcc.a(_umulhisi3.o)
 .text          0x0000000000000092        0x0 d:/courses/embedded systems/tools/avr-gcc-10.1.0-x64-windows/avr-gcc-10.1.0-x64-windows/bin/../lib/gcc/avr/10.1.0/avr5\libgcc.a(_udivdi3.o)
 .text          0x0000000000000092        0x0 d:/courses/embedded systems/tools/avr-gcc-10.1.0-x64-windows/avr-gcc-10.1.0-x64-windows/bin/../lib/gcc/avr/10.1.0/avr5\libgcc.a(_udivmod64.o)
 .text          0x0000000000000092        0x0 d:/courses/embedded systems/tools/avr-gcc-10.1.0-x64-windows/avr-gcc-10.1.0-x64-windows/bin/../lib/gcc/avr/10.1.0/avr5\libgcc.a(_ashldi3.o)
 .text          0x0000000000000092        0x0 d:/courses/embedded systems/tools/avr-gcc-10.1.0-x64-windows/avr-gcc-10.1.0-x64-windows/bin/../lib/gcc/avr/10.1.0/../../../../avr/lib/avr5\libm.a(cmpsf2.o)
 .text          0x0000000000000092        0x0 d:/courses/embedded systems/tools/avr-gcc-10.1.0-x64-windows/avr-gcc-10.1.0-x64-windows/bin/../lib/gcc/avr/10.1.0/../../../../avr/lib/avr5\libm.a(fixunssfsi.o)
 .text          0x0000000000000092        0x0 d:/courses/embedded systems/tools/avr-gcc-10.1.0-x64-windows/avr-gcc-10.1.0-x64-windows/bin/../lib/gcc/avr/10.1.0/../../../../avr/lib/avr5\libm.a(fp_cmp.o)
 .text          0x0000000000000092        0x0 d:/courses/embedded systems/tools/avr-gcc-10.1.0-x64-windows/avr-gcc-10.1.0-x64-windows/bin/../lib/gcc/avr/10.1.0/../../../../avr/lib/avr5\libm.a(fp_split3.o)
 .text          0x0000000000000092        0x0 d:/courses/embedded systems/tools/avr-gcc-10.1.0-x64-windows/avr-gcc-10.1.0-x64-windows/bin/../lib/gcc/avr/10.1.0/../../../../avr/lib/avr5\libm.a(fp_zero.o)
 .text          0x0000000000000092        0x0 d:/courses/embedded systems/tools/avr-gcc-10.1.0-x64-windows/avr-gcc-10.1.0-x64-windows/bin/../lib/gcc/avr/10.1.0/../../../../avr/lib/avr5\libm.a(gesf2.o)
 .text          0x0000000000000092        0x0 d:/courses/embedded systems/tools/avr-gcc-10.1.0-x64-windows/avr-gcc-10.1.0-x64-windows/bin/../lib/gcc/avr/10.1.0/../../../../avr/lib/avr5\libm.a(mulsf3.o)
 .text          0x0000000000000092        0x0 d:/courses/embedded systems/tools/avr-gcc-10.1.0-x64-windows/avr-gcc-10.1.0-x64-windows/bin/../lib/gcc/avr/10.1.0/../../../../avr/lib/avr5\libm.a(mulsf3x.o)
 .text          0x0000000000000092        0x0 d:/courses/embedded systems/tools/avr-gcc-10.1.0-x64-windows/avr-gcc-10.1.0-x64-windows/bin/../lib/gcc/avr/10.1.0/../../../../avr/lib/avr5\libm.a(fp_inf.o)
 .text          0x0000000000000092        0x0 d:/courses/embedded systems/tools/avr-gcc-10.1.0-x64-windows/avr-gcc-10.1.0-x64-windows/bin/../lib/gcc/avr/10.1.0/../../../../avr/lib/avr5\libm.a(fp_nan.o)
 .text          0x0000000000000092        0x0 d:/courses/embedded systems/tools/avr-gcc-10.1.0-x64-windows/avr-gcc-10.1.0-x64-windows/bin/../lib/gcc/avr/10.1.0/../../../../avr/lib/avr5\libm.a(fp_pscA.o)
 .text          0x0000000000000092        0x0 d:/courses/embedded systems/tools/avr-gcc-10.1.0-x64-windows/avr-gcc-10.1.0-x64-windows/bin/../lib/gcc/avr/10.1.0/../../../../avr/lib/avr5\libm.a(fp_pscB.o)
 .text          0x0000000000000092        0x0 d:/courses/embedded systems/tools/avr-gcc-10.1.0-x64-windows/avr-gcc-10.1.0-x64-windows/bin/../lib/gcc/avr/10.1.0/../../../../avr/lib/avr5\libm.a(fp_round.o)
                0x0000000000000092                . = ALIGN (0x2)
 *(.text.*)
 .text.MCAL_DIO_u8SetPinDir
                0x0000000000000092      0x17c ./DIO_program.o
                0x0000000000000092                MCAL_DIO_u8SetPinDir
 .text.MCAL_DIO_u8SetPortDir
                0x000000000000020e       0x7e ./DIO_program.o
                0x000000000000020e                MCAL_DIO_u8SetPortDir
 .text.MCAL_DIO_u8SetPinValue
                0x000000000000028c      0x17c ./DIO_program.o
                0x000000000000028c                MCAL_DIO_u8SetPinValue
 .text.MCAL_DIO_u8SetPortValue
                0x0000000000000408       0x7e ./DIO_program.o
                0x0000000000000408                MCAL_DIO_u8SetPortValue
 .text.MCAL_DIO_u8GetPinValue
                0x0000000000000486      0x110 ./DIO_program.o
                0x0000000000000486                MCAL_DIO_u8GetPinValue
 .text.MCAL_DIO_u8GetPortValue
                0x0000000000000596       0x9a ./DIO_program.o
                0x0000000000000596                MCAL_DIO_u8GetPortValue
 .text.MCAL_DIO_u8SetPinInputType
                0x0000000000000630      0x17c ./DIO_program.o
                0x0000000000000630                MCAL_DIO_u8SetPinInputType
 .text.MCAL_DIO_u8SetPortInputType
                0x00000000000007ac       0x7e ./DIO_program.o
                0x00000000000007ac                MCAL_DIO_u8SetPortInputType
 .text.HAL_LCD_voidWriteCommand
                0x000000000000082a      0x5fe ./LCD_program.o
 .text.HAL_LCD_voidWriteData
                0x0000000000000e28      0x5fe ./LCD_program.o
 .text.HAL_LCD_voidInit
                0x0000000000001426      0x9e4 ./LCD_program.o
                0x0000000000001426                HAL_LCD_voidInit
 .text.HAL_LCD_voidWriteCharacter
                0x0000000000001e0a       0x1c ./LCD_program.o
                0x0000000000001e0a                HAL_LCD_voidWriteCharacter
 .text.HAL_LCD_voidWriteString
                0x0000000000001e26       0x56 ./LCD_program.o
                0x0000000000001e26                HAL_LCD_voidWriteString
 .text.HAL_LCD_MoveCursor
                0x0000000000001e7c       0x30 ./LCD_program.o
                0x0000000000001e7c                HAL_LCD_MoveCursor
 .text.HAL_LCD_voidClearAll
                0x0000000000001eac       0x16 ./LCD_program.o
                0x0000000000001eac                HAL_LCD_voidClearAll
 .text.HAL_LCD_voidClearPart
                0x0000000000001ec2       0x48 ./LCD_program.o
                0x0000000000001ec2                HAL_LCD_voidClearPart
 .text.HAL_LCD_voidDisplaySetup
                0x0000000000001f0a       0x30 ./LCD_program.o
                0x0000000000001f0a                HAL_LCD_voidDisplaySetup
 .text.HAL_LCD_voidWriteNumber
                0x0000000000001f3a      0x11e ./LCD_program.o
                0x0000000000001f3a                HAL_LCD_voidWriteNumber
 .text.HAL_LCD_SpecialChar
                0x0000000000002058       0x5c ./LCD_program.o
                0x0000000000002058                HAL_LCD_SpecialChar
 .text.MCAL_SPI_MasterInit
                0x00000000000020b4      0x140 ./SPI_program.o
                0x00000000000020b4                MCAL_SPI_MasterInit
 .text.MCAL_SPI_SlaveInit
                0x00000000000021f4       0xa2 ./SPI_program.o
                0x00000000000021f4                MCAL_SPI_SlaveInit
 .text.MCAL_SPI_Master_DataBusyWait
                0x0000000000002296       0xa0 ./SPI_program.o
                0x0000000000002296                MCAL_SPI_Master_DataBusyWait
 .text.MCAL_SPI_Slave_DataBusyWait
                0x0000000000002336       0x8c ./SPI_program.o
                0x0000000000002336                MCAL_SPI_Slave_DataBusyWait
 .text.MCAL_SPI_Master_DataCallBack
                0x00000000000023c2       0x84 ./SPI_program.o
                0x00000000000023c2                MCAL_SPI_Master_DataCallBack
 .text.MCAL_SPI_Slave_DataCallBack
                0x0000000000002446       0x78 ./SPI_program.o
                0x0000000000002446                MCAL_SPI_Slave_DataCallBack
 .text.MCAL_SPI_MasterString
                0x00000000000024be      0x190 ./SPI_program.o
                0x00000000000024be                MCAL_SPI_MasterString
 .text.MCAL_SPI_SlaveString
                0x000000000000264e       0x6c ./SPI_program.o
                0x000000000000264e                MCAL_SPI_SlaveString
 .text.__vector_12
                0x00000000000026ba       0xf2 ./SPI_program.o
                0x00000000000026ba                __vector_12
 .text.MCAL_UART_init
                0x00000000000027ac      0x362 ./UART_program.o
                0x00000000000027ac                MCAL_UART_init
 .text.MCAL_UART_sendByteBusyWait
                0x0000000000002b0e       0x88 ./UART_program.o
                0x0000000000002b0e                MCAL_UART_sendByteBusyWait
 .text.MCAL_UART_recieveByteBusyWait
                0x0000000000002b96       0xda ./UART_program.o
                0x0000000000002b96                MCAL_UART_recieveByteBusyWait
 .text.MCAL_UART_RecieveCallBack
                0x0000000000002c70       0x5e ./UART_program.o
                0x0000000000002c70                MCAL_UART_RecieveCallBack
 .text.__vector_13
                0x0000000000002cce      0x104 ./UART_program.o
                0x0000000000002cce                __vector_13
 .text.MCAL_UART_SendCallBack
                0x0000000000002dd2       0x5e ./UART_program.o
                0x0000000000002dd2                MCAL_UART_SendCallBack
 .text.__vector_14
                0x0000000000002e30       0x92 ./UART_program.o
                0x0000000000002e30                __vector_14
 .text.DIO_LED_VOIDINIT
                0x0000000000002ec2       0x24 ./led_program.o
                0x0000000000002ec2                DIO_LED_VOIDINIT
 .text.LED_ON   0x0000000000002ee6       0x24 ./led_program.o
                0x0000000000002ee6                LED_ON
 .text.LED_OFF  0x0000000000002f0a       0x24 ./led_program.o
                0x0000000000002f0a                LED_OFF
 .text.main     0x0000000000002f2e       0xd4 ./main.o
                0x0000000000002f2e                main
 .text.libgcc.mul
                0x0000000000003002        0x0 d:/courses/embedded systems/tools/avr-gcc-10.1.0-x64-windows/avr-gcc-10.1.0-x64-windows/bin/../lib/gcc/avr/10.1.0/avr5\libgcc.a(_exit.o)
 .text.libgcc.div
                0x0000000000003002        0x0 d:/courses/embedded systems/tools/avr-gcc-10.1.0-x64-windows/avr-gcc-10.1.0-x64-windows/bin/../lib/gcc/avr/10.1.0/avr5\libgcc.a(_exit.o)
 .text.libgcc   0x0000000000003002        0x0 d:/courses/embedded systems/tools/avr-gcc-10.1.0-x64-windows/avr-gcc-10.1.0-x64-windows/bin/../lib/gcc/avr/10.1.0/avr5\libgcc.a(_exit.o)
 .text.libgcc.prologue
                0x0000000000003002        0x0 d:/courses/embedded systems/tools/avr-gcc-10.1.0-x64-windows/avr-gcc-10.1.0-x64-windows/bin/../lib/gcc/avr/10.1.0/avr5\libgcc.a(_exit.o)
 .text.libgcc.builtins
                0x0000000000003002        0x0 d:/courses/embedded systems/tools/avr-gcc-10.1.0-x64-windows/avr-gcc-10.1.0-x64-windows/bin/../lib/gcc/avr/10.1.0/avr5\libgcc.a(_exit.o)
 .text.libgcc.fmul
                0x0000000000003002        0x0 d:/courses/embedded systems/tools/avr-gcc-10.1.0-x64-windows/avr-gcc-10.1.0-x64-windows/bin/../lib/gcc/avr/10.1.0/avr5\libgcc.a(_exit.o)
 .text.libgcc.fixed
                0x0000000000003002        0x0 d:/courses/embedded systems/tools/avr-gcc-10.1.0-x64-windows/avr-gcc-10.1.0-x64-windows/bin/../lib/gcc/avr/10.1.0/avr5\libgcc.a(_exit.o)
 .text.libgcc.mul
                0x0000000000003002        0x0 d:/courses/embedded systems/tools/avr-gcc-10.1.0-x64-windows/avr-gcc-10.1.0-x64-windows/bin/../lib/gcc/avr/10.1.0/avr5\libgcc.a(_copy_data.o)
 .text.libgcc.div
                0x0000000000003002        0x0 d:/courses/embedded systems/tools/avr-gcc-10.1.0-x64-windows/avr-gcc-10.1.0-x64-windows/bin/../lib/gcc/avr/10.1.0/avr5\libgcc.a(_copy_data.o)
 .text.libgcc   0x0000000000003002        0x0 d:/courses/embedded systems/tools/avr-gcc-10.1.0-x64-windows/avr-gcc-10.1.0-x64-windows/bin/../lib/gcc/avr/10.1.0/avr5\libgcc.a(_copy_data.o)
 .text.libgcc.prologue
                0x0000000000003002        0x0 d:/courses/embedded systems/tools/avr-gcc-10.1.0-x64-windows/avr-gcc-10.1.0-x64-windows/bin/../lib/gcc/avr/10.1.0/avr5\libgcc.a(_copy_data.o)
 .text.libgcc.builtins
                0x0000000000003002        0x0 d:/courses/embedded systems/tools/avr-gcc-10.1.0-x64-windows/avr-gcc-10.1.0-x64-windows/bin/../lib/gcc/avr/10.1.0/avr5\libgcc.a(_copy_data.o)
 .text.libgcc.fmul
                0x0000000000003002        0x0 d:/courses/embedded systems/tools/avr-gcc-10.1.0-x64-windows/avr-gcc-10.1.0-x64-windows/bin/../lib/gcc/avr/10.1.0/avr5\libgcc.a(_copy_data.o)
 .text.libgcc.fixed
                0x0000000000003002        0x0 d:/courses/embedded systems/tools/avr-gcc-10.1.0-x64-windows/avr-gcc-10.1.0-x64-windows/bin/../lib/gcc/avr/10.1.0/avr5\libgcc.a(_copy_data.o)
 .text.libgcc.mul
                0x0000000000003002        0x0 d:/courses/embedded systems/tools/avr-gcc-10.1.0-x64-windows/avr-gcc-10.1.0-x64-windows/bin/../lib/gcc/avr/10.1.0/avr5\libgcc.a(_clear_bss.o)
 .text.libgcc.div
                0x0000000000003002        0x0 d:/courses/embedded systems/tools/avr-gcc-10.1.0-x64-windows/avr-gcc-10.1.0-x64-windows/bin/../lib/gcc/avr/10.1.0/avr5\libgcc.a(_clear_bss.o)
 .text.libgcc   0x0000000000003002        0x0 d:/courses/embedded systems/tools/avr-gcc-10.1.0-x64-windows/avr-gcc-10.1.0-x64-windows/bin/../lib/gcc/avr/10.1.0/avr5\libgcc.a(_clear_bss.o)
 .text.libgcc.prologue
                0x0000000000003002        0x0 d:/courses/embedded systems/tools/avr-gcc-10.1.0-x64-windows/avr-gcc-10.1.0-x64-windows/bin/../lib/gcc/avr/10.1.0/avr5\libgcc.a(_clear_bss.o)
 .text.libgcc.builtins
                0x0000000000003002        0x0 d:/courses/embedded systems/tools/avr-gcc-10.1.0-x64-windows/avr-gcc-10.1.0-x64-windows/bin/../lib/gcc/avr/10.1.0/avr5\libgcc.a(_clear_bss.o)
 .text.libgcc.fmul
                0x0000000000003002        0x0 d:/courses/embedded systems/tools/avr-gcc-10.1.0-x64-windows/avr-gcc-10.1.0-x64-windows/bin/../lib/gcc/avr/10.1.0/avr5\libgcc.a(_clear_bss.o)
 .text.libgcc.fixed
                0x0000000000003002        0x0 d:/courses/embedded systems/tools/avr-gcc-10.1.0-x64-windows/avr-gcc-10.1.0-x64-windows/bin/../lib/gcc/avr/10.1.0/avr5\libgcc.a(_clear_bss.o)
 .text.libgcc.mul
                0x0000000000003002       0x1e d:/courses/embedded systems/tools/avr-gcc-10.1.0-x64-windows/avr-gcc-10.1.0-x64-windows/bin/../lib/gcc/avr/10.1.0/avr5\libgcc.a(_umulhisi3.o)
                0x0000000000003002                __umulhisi3
 .text.libgcc.div
                0x0000000000003020        0x0 d:/courses/embedded systems/tools/avr-gcc-10.1.0-x64-windows/avr-gcc-10.1.0-x64-windows/bin/../lib/gcc/avr/10.1.0/avr5\libgcc.a(_umulhisi3.o)
 .text.libgcc   0x0000000000003020        0x0 d:/courses/embedded systems/tools/avr-gcc-10.1.0-x64-windows/avr-gcc-10.1.0-x64-windows/bin/../lib/gcc/avr/10.1.0/avr5\libgcc.a(_umulhisi3.o)
 .text.libgcc.prologue
                0x0000000000003020        0x0 d:/courses/embedded systems/tools/avr-gcc-10.1.0-x64-windows/avr-gcc-10.1.0-x64-windows/bin/../lib/gcc/avr/10.1.0/avr5\libgcc.a(_umulhisi3.o)
 .text.libgcc.builtins
                0x0000000000003020        0x0 d:/courses/embedded systems/tools/avr-gcc-10.1.0-x64-windows/avr-gcc-10.1.0-x64-windows/bin/../lib/gcc/avr/10.1.0/avr5\libgcc.a(_umulhisi3.o)
 .text.libgcc.fmul
                0x0000000000003020        0x0 d:/courses/embedded systems/tools/avr-gcc-10.1.0-x64-windows/avr-gcc-10.1.0-x64-windows/bin/../lib/gcc/avr/10.1.0/avr5\libgcc.a(_umulhisi3.o)
 .text.libgcc.fixed
                0x0000000000003020        0x0 d:/courses/embedded systems/tools/avr-gcc-10.1.0-x64-windows/avr-gcc-10.1.0-x64-windows/bin/../lib/gcc/avr/10.1.0/avr5\libgcc.a(_umulhisi3.o)
 .text.libgcc.mul
                0x0000000000003020        0x0 d:/courses/embedded systems/tools/avr-gcc-10.1.0-x64-windows/avr-gcc-10.1.0-x64-windows/bin/../lib/gcc/avr/10.1.0/avr5\libgcc.a(_udivdi3.o)
 .text.libgcc.div
                0x0000000000003020       0x1c d:/courses/embedded systems/tools/avr-gcc-10.1.0-x64-windows/avr-gcc-10.1.0-x64-windows/bin/../lib/gcc/avr/10.1.0/avr5\libgcc.a(_udivdi3.o)
                0x0000000000003020                __umoddi3
                0x0000000000003024                __udivdi3
                0x0000000000003026                __udivdi3_umoddi3
 .text.libgcc   0x000000000000303c        0x0 d:/courses/embedded systems/tools/avr-gcc-10.1.0-x64-windows/avr-gcc-10.1.0-x64-windows/bin/../lib/gcc/avr/10.1.0/avr5\libgcc.a(_udivdi3.o)
 .text.libgcc.prologue
                0x000000000000303c        0x0 d:/courses/embedded systems/tools/avr-gcc-10.1.0-x64-windows/avr-gcc-10.1.0-x64-windows/bin/../lib/gcc/avr/10.1.0/avr5\libgcc.a(_udivdi3.o)
 .text.libgcc.builtins
                0x000000000000303c        0x0 d:/courses/embedded systems/tools/avr-gcc-10.1.0-x64-windows/avr-gcc-10.1.0-x64-windows/bin/../lib/gcc/avr/10.1.0/avr5\libgcc.a(_udivdi3.o)
 .text.libgcc.fmul
                0x000000000000303c        0x0 d:/courses/embedded systems/tools/avr-gcc-10.1.0-x64-windows/avr-gcc-10.1.0-x64-windows/bin/../lib/gcc/avr/10.1.0/avr5\libgcc.a(_udivdi3.o)
 .text.libgcc.fixed
                0x000000000000303c        0x0 d:/courses/embedded systems/tools/avr-gcc-10.1.0-x64-windows/avr-gcc-10.1.0-x64-windows/bin/../lib/gcc/avr/10.1.0/avr5\libgcc.a(_udivdi3.o)
 .text.libgcc.mul
                0x000000000000303c        0x0 d:/courses/embedded systems/tools/avr-gcc-10.1.0-x64-windows/avr-gcc-10.1.0-x64-windows/bin/../lib/gcc/avr/10.1.0/avr5\libgcc.a(_udivmod64.o)
 .text.libgcc.div
                0x000000000000303c       0xa2 d:/courses/embedded systems/tools/avr-gcc-10.1.0-x64-windows/avr-gcc-10.1.0-x64-windows/bin/../lib/gcc/avr/10.1.0/avr5\libgcc.a(_udivmod64.o)
                0x000000000000303c                __udivmod64
 .text.libgcc   0x00000000000030de        0x0 d:/courses/embedded systems/tools/avr-gcc-10.1.0-x64-windows/avr-gcc-10.1.0-x64-windows/bin/../lib/gcc/avr/10.1.0/avr5\libgcc.a(_udivmod64.o)
 .text.libgcc.prologue
                0x00000000000030de        0x0 d:/courses/embedded systems/tools/avr-gcc-10.1.0-x64-windows/avr-gcc-10.1.0-x64-windows/bin/../lib/gcc/avr/10.1.0/avr5\libgcc.a(_udivmod64.o)
 .text.libgcc.builtins
                0x00000000000030de        0x0 d:/courses/embedded systems/tools/avr-gcc-10.1.0-x64-windows/avr-gcc-10.1.0-x64-windows/bin/../lib/gcc/avr/10.1.0/avr5\libgcc.a(_udivmod64.o)
 .text.libgcc.fmul
                0x00000000000030de        0x0 d:/courses/embedded systems/tools/avr-gcc-10.1.0-x64-windows/avr-gcc-10.1.0-x64-windows/bin/../lib/gcc/avr/10.1.0/avr5\libgcc.a(_udivmod64.o)
 .text.libgcc.fixed
                0x00000000000030de        0x0 d:/courses/embedded systems/tools/avr-gcc-10.1.0-x64-windows/avr-gcc-10.1.0-x64-windows/bin/../lib/gcc/avr/10.1.0/avr5\libgcc.a(_udivmod64.o)
 .text.libgcc.mul
                0x00000000000030de        0x0 d:/courses/embedded systems/tools/avr-gcc-10.1.0-x64-windows/avr-gcc-10.1.0-x64-windows/bin/../lib/gcc/avr/10.1.0/avr5\libgcc.a(_ashldi3.o)
 .text.libgcc.div
                0x00000000000030de        0x0 d:/courses/embedded systems/tools/avr-gcc-10.1.0-x64-windows/avr-gcc-10.1.0-x64-windows/bin/../lib/gcc/avr/10.1.0/avr5\libgcc.a(_ashldi3.o)
 .text.libgcc   0x00000000000030de        0x0 d:/courses/embedded systems/tools/avr-gcc-10.1.0-x64-windows/avr-gcc-10.1.0-x64-windows/bin/../lib/gcc/avr/10.1.0/avr5\libgcc.a(_ashldi3.o)
 .text.libgcc.prologue
                0x00000000000030de        0x0 d:/courses/embedded systems/tools/avr-gcc-10.1.0-x64-windows/avr-gcc-10.1.0-x64-windows/bin/../lib/gcc/avr/10.1.0/avr5\libgcc.a(_ashldi3.o)
 .text.libgcc.builtins
                0x00000000000030de       0x32 d:/courses/embedded systems/tools/avr-gcc-10.1.0-x64-windows/avr-gcc-10.1.0-x64-windows/bin/../lib/gcc/avr/10.1.0/avr5\libgcc.a(_ashldi3.o)
                0x00000000000030de                __ashldi3
 .text.libgcc.fmul
                0x0000000000003110        0x0 d:/courses/embedded systems/tools/avr-gcc-10.1.0-x64-windows/avr-gcc-10.1.0-x64-windows/bin/../lib/gcc/avr/10.1.0/avr5\libgcc.a(_ashldi3.o)
 .text.libgcc.fixed
                0x0000000000003110        0x0 d:/courses/embedded systems/tools/avr-gcc-10.1.0-x64-windows/avr-gcc-10.1.0-x64-windows/bin/../lib/gcc/avr/10.1.0/avr5\libgcc.a(_ashldi3.o)
 .text.avr-libc.fplib
                0x0000000000003110        0xa d:/courses/embedded systems/tools/avr-gcc-10.1.0-x64-windows/avr-gcc-10.1.0-x64-windows/bin/../lib/gcc/avr/10.1.0/../../../../avr/lib/avr5\libm.a(cmpsf2.o)
                0x0000000000003110                __nesf2
                0x0000000000003110                __eqsf2
                0x0000000000003110                __cmpsf2
                0x0000000000003110                __ltsf2
                0x0000000000003110                __lesf2
 .text.avr-libc.fplib
                0x000000000000311a       0x5e d:/courses/embedded systems/tools/avr-gcc-10.1.0-x64-windows/avr-gcc-10.1.0-x64-windows/bin/../lib/gcc/avr/10.1.0/../../../../avr/lib/avr5\libm.a(fixunssfsi.o)
                0x000000000000311a                __fixunssfsi
 .text.avr-libc.fplib
                0x0000000000003178       0x48 d:/courses/embedded systems/tools/avr-gcc-10.1.0-x64-windows/avr-gcc-10.1.0-x64-windows/bin/../lib/gcc/avr/10.1.0/../../../../avr/lib/avr5\libm.a(fp_cmp.o)
                0x0000000000003178                __fp_cmp
 .text.avr-libc.fplib
                0x00000000000031c0       0x44 d:/courses/embedded systems/tools/avr-gcc-10.1.0-x64-windows/avr-gcc-10.1.0-x64-windows/bin/../lib/gcc/avr/10.1.0/../../../../avr/lib/avr5\libm.a(fp_split3.o)
                0x00000000000031c0                __fp_split3
                0x00000000000031d0                __fp_splitA
 .text.avr-libc.fplib
                0x0000000000003204        0xe d:/courses/embedded systems/tools/avr-gcc-10.1.0-x64-windows/avr-gcc-10.1.0-x64-windows/bin/../lib/gcc/avr/10.1.0/../../../../avr/lib/avr5\libm.a(fp_zero.o)
                0x0000000000003204                __fp_zero
                0x0000000000003206                __fp_szero
 .text.avr-libc.fplib
                0x0000000000003212        0xa d:/courses/embedded systems/tools/avr-gcc-10.1.0-x64-windows/avr-gcc-10.1.0-x64-windows/bin/../lib/gcc/avr/10.1.0/../../../../avr/lib/avr5\libm.a(gesf2.o)
                0x0000000000003212                __gesf2
                0x0000000000003212                __gtsf2
 .text.avr-libc.fplib
                0x000000000000321c        0x8 d:/courses/embedded systems/tools/avr-gcc-10.1.0-x64-windows/avr-gcc-10.1.0-x64-windows/bin/../lib/gcc/avr/10.1.0/../../../../avr/lib/avr5\libm.a(mulsf3.o)
                0x000000000000321c                __mulsf3
 .text.avr-libc.fplib
                0x0000000000003224       0xd2 d:/courses/embedded systems/tools/avr-gcc-10.1.0-x64-windows/avr-gcc-10.1.0-x64-windows/bin/../lib/gcc/avr/10.1.0/../../../../avr/lib/avr5\libm.a(mulsf3x.o)
                0x0000000000003242                __mulsf3x
                0x0000000000003248                __mulsf3_pse
 .text.avr-libc.fplib
                0x00000000000032f6        0xc d:/courses/embedded systems/tools/avr-gcc-10.1.0-x64-windows/avr-gcc-10.1.0-x64-windows/bin/../lib/gcc/avr/10.1.0/../../../../avr/lib/avr5\libm.a(fp_inf.o)
                0x00000000000032f6                __fp_inf
 .text.avr-libc.fplib
                0x0000000000003302        0x6 d:/courses/embedded systems/tools/avr-gcc-10.1.0-x64-windows/avr-gcc-10.1.0-x64-windows/bin/../lib/gcc/avr/10.1.0/../../../../avr/lib/avr5\libm.a(fp_nan.o)
                0x0000000000003302                __fp_nan
 .text.avr-libc.fplib
                0x0000000000003308        0xe d:/courses/embedded systems/tools/avr-gcc-10.1.0-x64-windows/avr-gcc-10.1.0-x64-windows/bin/../lib/gcc/avr/10.1.0/../../../../avr/lib/avr5\libm.a(fp_pscA.o)
                0x0000000000003308                __fp_pscA
 .text.avr-libc.fplib
                0x0000000000003316        0xe d:/courses/embedded systems/tools/avr-gcc-10.1.0-x64-windows/avr-gcc-10.1.0-x64-windows/bin/../lib/gcc/avr/10.1.0/../../../../avr/lib/avr5\libm.a(fp_pscB.o)
                0x0000000000003316                __fp_pscB
 .text.avr-libc.fplib
                0x0000000000003324       0x22 d:/courses/embedded systems/tools/avr-gcc-10.1.0-x64-windows/avr-gcc-10.1.0-x64-windows/bin/../lib/gcc/avr/10.1.0/../../../../avr/lib/avr5\libm.a(fp_round.o)
                0x0000000000003324                __fp_round
                0x0000000000003346                . = ALIGN (0x2)
 *(.fini9)
 .fini9         0x0000000000003346        0x0 d:/courses/embedded systems/tools/avr-gcc-10.1.0-x64-windows/avr-gcc-10.1.0-x64-windows/bin/../lib/gcc/avr/10.1.0/avr5\libgcc.a(_exit.o)
                0x0000000000003346                _exit
                0x0000000000003346                exit
 *(.fini9)
 *(.fini8)
 *(.fini8)
 *(.fini7)
 *(.fini7)
 *(.fini6)
 *(.fini6)
 *(.fini5)
 *(.fini5)
 *(.fini4)
 *(.fini4)
 *(.fini3)
 *(.fini3)
 *(.fini2)
 *(.fini2)
 *(.fini1)
 *(.fini1)
 *(.fini0)
 .fini0         0x0000000000003346        0x4 d:/courses/embedded systems/tools/avr-gcc-10.1.0-x64-windows/avr-gcc-10.1.0-x64-windows/bin/../lib/gcc/avr/10.1.0/avr5\libgcc.a(_exit.o)
 *(.fini0)
 *(.hightext)
 *(.hightext*)
 *(.progmemx.*)
                0x000000000000334a                . = ALIGN (0x2)
 *(.jumptables)
 *(.jumptables*)
                0x000000000000334a                _etext = .

.data           0x0000000000800060       0x12 load address 0x000000000000334a
                0x0000000000800060                PROVIDE (__data_start = .)
 *(.data)
 .data          0x0000000000800060        0x0 d:/courses/embedded systems/tools/avr-gcc-10.1.0-x64-windows/avr-gcc-10.1.0-x64-windows/bin/../lib/gcc/avr/10.1.0/../../../../avr/lib/avr5/crtatmega32.o
 .data          0x0000000000800060        0x0 ./DIO_program.o
 .data          0x0000000000800060        0x0 ./LCD_program.o
 .data          0x0000000000800060        0x0 ./SPI_program.o
 .data          0x0000000000800060        0x0 ./UART_program.o
 .data          0x0000000000800060        0x0 ./led_program.o
 .data          0x0000000000800060        0x0 ./main.o
 .data          0x0000000000800060        0x0 d:/courses/embedded systems/tools/avr-gcc-10.1.0-x64-windows/avr-gcc-10.1.0-x64-windows/bin/../lib/gcc/avr/10.1.0/avr5\libgcc.a(_exit.o)
 .data          0x0000000000800060        0x0 d:/courses/embedded systems/tools/avr-gcc-10.1.0-x64-windows/avr-gcc-10.1.0-x64-windows/bin/../lib/gcc/avr/10.1.0/avr5\libgcc.a(_copy_data.o)
 .data          0x0000000000800060        0x0 d:/courses/embedded systems/tools/avr-gcc-10.1.0-x64-windows/avr-gcc-10.1.0-x64-windows/bin/../lib/gcc/avr/10.1.0/avr5\libgcc.a(_clear_bss.o)
 .data          0x0000000000800060        0x0 d:/courses/embedded systems/tools/avr-gcc-10.1.0-x64-windows/avr-gcc-10.1.0-x64-windows/bin/../lib/gcc/avr/10.1.0/avr5\libgcc.a(_umulhisi3.o)
 .data          0x0000000000800060        0x0 d:/courses/embedded systems/tools/avr-gcc-10.1.0-x64-windows/avr-gcc-10.1.0-x64-windows/bin/../lib/gcc/avr/10.1.0/avr5\libgcc.a(_udivdi3.o)
 .data          0x0000000000800060        0x0 d:/courses/embedded systems/tools/avr-gcc-10.1.0-x64-windows/avr-gcc-10.1.0-x64-windows/bin/../lib/gcc/avr/10.1.0/avr5\libgcc.a(_udivmod64.o)
 .data          0x0000000000800060        0x0 d:/courses/embedded systems/tools/avr-gcc-10.1.0-x64-windows/avr-gcc-10.1.0-x64-windows/bin/../lib/gcc/avr/10.1.0/avr5\libgcc.a(_ashldi3.o)
 .data          0x0000000000800060        0x0 d:/courses/embedded systems/tools/avr-gcc-10.1.0-x64-windows/avr-gcc-10.1.0-x64-windows/bin/../lib/gcc/avr/10.1.0/../../../../avr/lib/avr5\libm.a(cmpsf2.o)
 .data          0x0000000000800060        0x0 d:/courses/embedded systems/tools/avr-gcc-10.1.0-x64-windows/avr-gcc-10.1.0-x64-windows/bin/../lib/gcc/avr/10.1.0/../../../../avr/lib/avr5\libm.a(fixunssfsi.o)
 .data          0x0000000000800060        0x0 d:/courses/embedded systems/tools/avr-gcc-10.1.0-x64-windows/avr-gcc-10.1.0-x64-windows/bin/../lib/gcc/avr/10.1.0/../../../../avr/lib/avr5\libm.a(fp_cmp.o)
 .data          0x0000000000800060        0x0 d:/courses/embedded systems/tools/avr-gcc-10.1.0-x64-windows/avr-gcc-10.1.0-x64-windows/bin/../lib/gcc/avr/10.1.0/../../../../avr/lib/avr5\libm.a(fp_split3.o)
 .data          0x0000000000800060        0x0 d:/courses/embedded systems/tools/avr-gcc-10.1.0-x64-windows/avr-gcc-10.1.0-x64-windows/bin/../lib/gcc/avr/10.1.0/../../../../avr/lib/avr5\libm.a(fp_zero.o)
 .data          0x0000000000800060        0x0 d:/courses/embedded systems/tools/avr-gcc-10.1.0-x64-windows/avr-gcc-10.1.0-x64-windows/bin/../lib/gcc/avr/10.1.0/../../../../avr/lib/avr5\libm.a(gesf2.o)
 .data          0x0000000000800060        0x0 d:/courses/embedded systems/tools/avr-gcc-10.1.0-x64-windows/avr-gcc-10.1.0-x64-windows/bin/../lib/gcc/avr/10.1.0/../../../../avr/lib/avr5\libm.a(mulsf3.o)
 .data          0x0000000000800060        0x0 d:/courses/embedded systems/tools/avr-gcc-10.1.0-x64-windows/avr-gcc-10.1.0-x64-windows/bin/../lib/gcc/avr/10.1.0/../../../../avr/lib/avr5\libm.a(mulsf3x.o)
 .data          0x0000000000800060        0x0 d:/courses/embedded systems/tools/avr-gcc-10.1.0-x64-windows/avr-gcc-10.1.0-x64-windows/bin/../lib/gcc/avr/10.1.0/../../../../avr/lib/avr5\libm.a(fp_inf.o)
 .data          0x0000000000800060        0x0 d:/courses/embedded systems/tools/avr-gcc-10.1.0-x64-windows/avr-gcc-10.1.0-x64-windows/bin/../lib/gcc/avr/10.1.0/../../../../avr/lib/avr5\libm.a(fp_nan.o)
 .data          0x0000000000800060        0x0 d:/courses/embedded systems/tools/avr-gcc-10.1.0-x64-windows/avr-gcc-10.1.0-x64-windows/bin/../lib/gcc/avr/10.1.0/../../../../avr/lib/avr5\libm.a(fp_pscA.o)
 .data          0x0000000000800060        0x0 d:/courses/embedded systems/tools/avr-gcc-10.1.0-x64-windows/avr-gcc-10.1.0-x64-windows/bin/../lib/gcc/avr/10.1.0/../../../../avr/lib/avr5\libm.a(fp_pscB.o)
 .data          0x0000000000800060        0x0 d:/courses/embedded systems/tools/avr-gcc-10.1.0-x64-windows/avr-gcc-10.1.0-x64-windows/bin/../lib/gcc/avr/10.1.0/../../../../avr/lib/avr5\libm.a(fp_round.o)
 *(.data*)
 .data.g_MasterMode
                0x0000000000800060        0x1 ./SPI_program.o
                0x0000000000800060                g_MasterMode
 *(.gnu.linkonce.d*)
 *(.rodata)
 .rodata        0x0000000000800061       0x10 ./main.o
 *(.rodata*)
 *(.gnu.linkonce.r*)
                0x0000000000800072                . = ALIGN (0x2)
 *fill*         0x0000000000800071        0x1 
                0x0000000000800072                _edata = .
                0x0000000000800072                PROVIDE (__data_end = .)

.bss            0x0000000000800072        0xa
                0x0000000000800072                PROVIDE (__bss_start = .)
 *(.bss)
 .bss           0x0000000000800072        0x0 d:/courses/embedded systems/tools/avr-gcc-10.1.0-x64-windows/avr-gcc-10.1.0-x64-windows/bin/../lib/gcc/avr/10.1.0/../../../../avr/lib/avr5/crtatmega32.o
 .bss           0x0000000000800072        0x0 ./DIO_program.o
 .bss           0x0000000000800072        0x0 ./LCD_program.o
 .bss           0x0000000000800072        0x0 ./SPI_program.o
 .bss           0x0000000000800072        0x0 ./UART_program.o
 .bss           0x0000000000800072        0x0 ./led_program.o
 .bss           0x0000000000800072        0x0 ./main.o
 .bss           0x0000000000800072        0x0 d:/courses/embedded systems/tools/avr-gcc-10.1.0-x64-windows/avr-gcc-10.1.0-x64-windows/bin/../lib/gcc/avr/10.1.0/avr5\libgcc.a(_exit.o)
 .bss           0x0000000000800072        0x0 d:/courses/embedded systems/tools/avr-gcc-10.1.0-x64-windows/avr-gcc-10.1.0-x64-windows/bin/../lib/gcc/avr/10.1.0/avr5\libgcc.a(_copy_data.o)
 .bss           0x0000000000800072        0x0 d:/courses/embedded systems/tools/avr-gcc-10.1.0-x64-windows/avr-gcc-10.1.0-x64-windows/bin/../lib/gcc/avr/10.1.0/avr5\libgcc.a(_clear_bss.o)
 .bss           0x0000000000800072        0x0 d:/courses/embedded systems/tools/avr-gcc-10.1.0-x64-windows/avr-gcc-10.1.0-x64-windows/bin/../lib/gcc/avr/10.1.0/avr5\libgcc.a(_umulhisi3.o)
 .bss           0x0000000000800072        0x0 d:/courses/embedded systems/tools/avr-gcc-10.1.0-x64-windows/avr-gcc-10.1.0-x64-windows/bin/../lib/gcc/avr/10.1.0/avr5\libgcc.a(_udivdi3.o)
 .bss           0x0000000000800072        0x0 d:/courses/embedded systems/tools/avr-gcc-10.1.0-x64-windows/avr-gcc-10.1.0-x64-windows/bin/../lib/gcc/avr/10.1.0/avr5\libgcc.a(_udivmod64.o)
 .bss           0x0000000000800072        0x0 d:/courses/embedded systems/tools/avr-gcc-10.1.0-x64-windows/avr-gcc-10.1.0-x64-windows/bin/../lib/gcc/avr/10.1.0/avr5\libgcc.a(_ashldi3.o)
 .bss           0x0000000000800072        0x0 d:/courses/embedded systems/tools/avr-gcc-10.1.0-x64-windows/avr-gcc-10.1.0-x64-windows/bin/../lib/gcc/avr/10.1.0/../../../../avr/lib/avr5\libm.a(cmpsf2.o)
 .bss           0x0000000000800072        0x0 d:/courses/embedded systems/tools/avr-gcc-10.1.0-x64-windows/avr-gcc-10.1.0-x64-windows/bin/../lib/gcc/avr/10.1.0/../../../../avr/lib/avr5\libm.a(fixunssfsi.o)
 .bss           0x0000000000800072        0x0 d:/courses/embedded systems/tools/avr-gcc-10.1.0-x64-windows/avr-gcc-10.1.0-x64-windows/bin/../lib/gcc/avr/10.1.0/../../../../avr/lib/avr5\libm.a(fp_cmp.o)
 .bss           0x0000000000800072        0x0 d:/courses/embedded systems/tools/avr-gcc-10.1.0-x64-windows/avr-gcc-10.1.0-x64-windows/bin/../lib/gcc/avr/10.1.0/../../../../avr/lib/avr5\libm.a(fp_split3.o)
 .bss           0x0000000000800072        0x0 d:/courses/embedded systems/tools/avr-gcc-10.1.0-x64-windows/avr-gcc-10.1.0-x64-windows/bin/../lib/gcc/avr/10.1.0/../../../../avr/lib/avr5\libm.a(fp_zero.o)
 .bss           0x0000000000800072        0x0 d:/courses/embedded systems/tools/avr-gcc-10.1.0-x64-windows/avr-gcc-10.1.0-x64-windows/bin/../lib/gcc/avr/10.1.0/../../../../avr/lib/avr5\libm.a(gesf2.o)
 .bss           0x0000000000800072        0x0 d:/courses/embedded systems/tools/avr-gcc-10.1.0-x64-windows/avr-gcc-10.1.0-x64-windows/bin/../lib/gcc/avr/10.1.0/../../../../avr/lib/avr5\libm.a(mulsf3.o)
 .bss           0x0000000000800072        0x0 d:/courses/embedded systems/tools/avr-gcc-10.1.0-x64-windows/avr-gcc-10.1.0-x64-windows/bin/../lib/gcc/avr/10.1.0/../../../../avr/lib/avr5\libm.a(mulsf3x.o)
 .bss           0x0000000000800072        0x0 d:/courses/embedded systems/tools/avr-gcc-10.1.0-x64-windows/avr-gcc-10.1.0-x64-windows/bin/../lib/gcc/avr/10.1.0/../../../../avr/lib/avr5\libm.a(fp_inf.o)
 .bss           0x0000000000800072        0x0 d:/courses/embedded systems/tools/avr-gcc-10.1.0-x64-windows/avr-gcc-10.1.0-x64-windows/bin/../lib/gcc/avr/10.1.0/../../../../avr/lib/avr5\libm.a(fp_nan.o)
 .bss           0x0000000000800072        0x0 d:/courses/embedded systems/tools/avr-gcc-10.1.0-x64-windows/avr-gcc-10.1.0-x64-windows/bin/../lib/gcc/avr/10.1.0/../../../../avr/lib/avr5\libm.a(fp_pscA.o)
 .bss           0x0000000000800072        0x0 d:/courses/embedded systems/tools/avr-gcc-10.1.0-x64-windows/avr-gcc-10.1.0-x64-windows/bin/../lib/gcc/avr/10.1.0/../../../../avr/lib/avr5\libm.a(fp_pscB.o)
 .bss           0x0000000000800072        0x0 d:/courses/embedded systems/tools/avr-gcc-10.1.0-x64-windows/avr-gcc-10.1.0-x64-windows/bin/../lib/gcc/avr/10.1.0/../../../../avr/lib/avr5\libm.a(fp_round.o)
 *(.bss*)
 .bss.Call_Back_Master
                0x0000000000800072        0x2 ./SPI_program.o
 .bss.Call_Back_Slave
                0x0000000000800074        0x2 ./SPI_program.o
 .bss.g_FlagMode
                0x0000000000800076        0x1 ./UART_program.o
                0x0000000000800076                g_FlagMode
 .bss.g_CharacterSize
                0x0000000000800077        0x1 ./UART_program.o
                0x0000000000800077                g_CharacterSize
 .bss.UART_UDR_CallBack
                0x0000000000800078        0x2 ./UART_program.o
 .bss.UART_RX_CallBack
                0x000000000080007a        0x2 ./UART_program.o
 *(COMMON)
                0x000000000080007c                PROVIDE (__bss_end = .)
                0x000000000000334a                __data_load_start = LOADADDR (.data)
                0x000000000000335c                __data_load_end = (__data_load_start + SIZEOF (.data))

.noinit         0x000000000080007c        0x0
                [!provide]                        PROVIDE (__noinit_start = .)
 *(.noinit*)
                [!provide]                        PROVIDE (__noinit_end = .)
                0x000000000080007c                _end = .
                [!provide]                        PROVIDE (__heap_start = .)

.eeprom         0x0000000000810000        0x0
 *(.eeprom*)
                0x0000000000810000                __eeprom_end = .

.fuse
 *(.fuse)
 *(.lfuse)
 *(.hfuse)
 *(.efuse)

.lock
 *(.lock*)

.signature
 *(.signature*)

.stab           0x0000000000000000     0x34d4
 *(.stab)
 .stab          0x0000000000000000      0x9a8 ./DIO_program.o
 .stab          0x00000000000009a8     0x1608 ./LCD_program.o
                                       0x1614 (size before relaxing)
 .stab          0x0000000000001fb0      0x8e8 ./SPI_program.o
                                        0x990 (size before relaxing)
 .stab          0x0000000000002898      0x8d0 ./UART_program.o
                                        0x8dc (size before relaxing)
 .stab          0x0000000000003168      0x114 ./led_program.o
                                        0x120 (size before relaxing)
 .stab          0x000000000000327c      0x258 ./main.o
                                        0x264 (size before relaxing)

.stabstr        0x0000000000000000     0x101c
 *(.stabstr)
 .stabstr       0x0000000000000000     0x101c ./DIO_program.o

.stab.excl
 *(.stab.excl)

.stab.exclstr
 *(.stab.exclstr)

.stab.index
 *(.stab.index)

.stab.indexstr
 *(.stab.indexstr)

.comment        0x0000000000000000       0x12
 *(.comment)
 .comment       0x0000000000000000       0x12 ./DIO_program.o
                                         0x13 (size before relaxing)
 .comment       0x0000000000000012       0x13 ./LCD_program.o
 .comment       0x0000000000000012       0x13 ./SPI_program.o
 .comment       0x0000000000000012       0x13 ./UART_program.o
 .comment       0x0000000000000012       0x13 ./led_program.o
 .comment       0x0000000000000012       0x13 ./main.o

.note.gnu.avr.deviceinfo
                0x0000000000000000       0x3c
 .note.gnu.avr.deviceinfo
                0x0000000000000000       0x3c d:/courses/embedded systems/tools/avr-gcc-10.1.0-x64-windows/avr-gcc-10.1.0-x64-windows/bin/../lib/gcc/avr/10.1.0/../../../../avr/lib/avr5/crtatmega32.o

.note.gnu.build-id
 *(.note.gnu.build-id)

.debug
 *(.debug)

.line
 *(.line)

.debug_srcinfo
 *(.debug_srcinfo)

.debug_sfnames
 *(.debug_sfnames)

.debug_aranges  0x0000000000000000       0xe0
 *(.debug_aranges)
 .debug_aranges
                0x0000000000000000       0x20 d:/courses/embedded systems/tools/avr-gcc-10.1.0-x64-windows/avr-gcc-10.1.0-x64-windows/bin/../lib/gcc/avr/10.1.0/avr5\libgcc.a(_exit.o)
 .debug_aranges
                0x0000000000000020       0x20 d:/courses/embedded systems/tools/avr-gcc-10.1.0-x64-windows/avr-gcc-10.1.0-x64-windows/bin/../lib/gcc/avr/10.1.0/avr5\libgcc.a(_copy_data.o)
 .debug_aranges
                0x0000000000000040       0x20 d:/courses/embedded systems/tools/avr-gcc-10.1.0-x64-windows/avr-gcc-10.1.0-x64-windows/bin/../lib/gcc/avr/10.1.0/avr5\libgcc.a(_clear_bss.o)
 .debug_aranges
                0x0000000000000060       0x20 d:/courses/embedded systems/tools/avr-gcc-10.1.0-x64-windows/avr-gcc-10.1.0-x64-windows/bin/../lib/gcc/avr/10.1.0/avr5\libgcc.a(_umulhisi3.o)
 .debug_aranges
                0x0000000000000080       0x20 d:/courses/embedded systems/tools/avr-gcc-10.1.0-x64-windows/avr-gcc-10.1.0-x64-windows/bin/../lib/gcc/avr/10.1.0/avr5\libgcc.a(_udivdi3.o)
 .debug_aranges
                0x00000000000000a0       0x20 d:/courses/embedded systems/tools/avr-gcc-10.1.0-x64-windows/avr-gcc-10.1.0-x64-windows/bin/../lib/gcc/avr/10.1.0/avr5\libgcc.a(_udivmod64.o)
 .debug_aranges
                0x00000000000000c0       0x20 d:/courses/embedded systems/tools/avr-gcc-10.1.0-x64-windows/avr-gcc-10.1.0-x64-windows/bin/../lib/gcc/avr/10.1.0/avr5\libgcc.a(_ashldi3.o)

.debug_pubnames
 *(.debug_pubnames)

.debug_info     0x0000000000000000      0x5f0
 *(.debug_info .gnu.linkonce.wi.*)
 .debug_info    0x0000000000000000      0x4e6 d:/courses/embedded systems/tools/avr-gcc-10.1.0-x64-windows/avr-gcc-10.1.0-x64-windows/bin/../lib/gcc/avr/10.1.0/../../../../avr/lib/avr5/crtatmega32.o
 .debug_info    0x00000000000004e6       0x26 d:/courses/embedded systems/tools/avr-gcc-10.1.0-x64-windows/avr-gcc-10.1.0-x64-windows/bin/../lib/gcc/avr/10.1.0/avr5\libgcc.a(_exit.o)
 .debug_info    0x000000000000050c       0x26 d:/courses/embedded systems/tools/avr-gcc-10.1.0-x64-windows/avr-gcc-10.1.0-x64-windows/bin/../lib/gcc/avr/10.1.0/avr5\libgcc.a(_copy_data.o)
 .debug_info    0x0000000000000532       0x26 d:/courses/embedded systems/tools/avr-gcc-10.1.0-x64-windows/avr-gcc-10.1.0-x64-windows/bin/../lib/gcc/avr/10.1.0/avr5\libgcc.a(_clear_bss.o)
 .debug_info    0x0000000000000558       0x26 d:/courses/embedded systems/tools/avr-gcc-10.1.0-x64-windows/avr-gcc-10.1.0-x64-windows/bin/../lib/gcc/avr/10.1.0/avr5\libgcc.a(_umulhisi3.o)
 .debug_info    0x000000000000057e       0x26 d:/courses/embedded systems/tools/avr-gcc-10.1.0-x64-windows/avr-gcc-10.1.0-x64-windows/bin/../lib/gcc/avr/10.1.0/avr5\libgcc.a(_udivdi3.o)
 .debug_info    0x00000000000005a4       0x26 d:/courses/embedded systems/tools/avr-gcc-10.1.0-x64-windows/avr-gcc-10.1.0-x64-windows/bin/../lib/gcc/avr/10.1.0/avr5\libgcc.a(_udivmod64.o)
 .debug_info    0x00000000000005ca       0x26 d:/courses/embedded systems/tools/avr-gcc-10.1.0-x64-windows/avr-gcc-10.1.0-x64-windows/bin/../lib/gcc/avr/10.1.0/avr5\libgcc.a(_ashldi3.o)

.debug_abbrev   0x0000000000000000      0x52f
 *(.debug_abbrev)
 .debug_abbrev  0x0000000000000000      0x4a3 d:/courses/embedded systems/tools/avr-gcc-10.1.0-x64-windows/avr-gcc-10.1.0-x64-windows/bin/../lib/gcc/avr/10.1.0/../../../../avr/lib/avr5/crtatmega32.o
 .debug_abbrev  0x00000000000004a3       0x14 d:/courses/embedded systems/tools/avr-gcc-10.1.0-x64-windows/avr-gcc-10.1.0-x64-windows/bin/../lib/gcc/avr/10.1.0/avr5\libgcc.a(_exit.o)
 .debug_abbrev  0x00000000000004b7       0x14 d:/courses/embedded systems/tools/avr-gcc-10.1.0-x64-windows/avr-gcc-10.1.0-x64-windows/bin/../lib/gcc/avr/10.1.0/avr5\libgcc.a(_copy_data.o)
 .debug_abbrev  0x00000000000004cb       0x14 d:/courses/embedded systems/tools/avr-gcc-10.1.0-x64-windows/avr-gcc-10.1.0-x64-windows/bin/../lib/gcc/avr/10.1.0/avr5\libgcc.a(_clear_bss.o)
 .debug_abbrev  0x00000000000004df       0x14 d:/courses/embedded systems/tools/avr-gcc-10.1.0-x64-windows/avr-gcc-10.1.0-x64-windows/bin/../lib/gcc/avr/10.1.0/avr5\libgcc.a(_umulhisi3.o)
 .debug_abbrev  0x00000000000004f3       0x14 d:/courses/embedded systems/tools/avr-gcc-10.1.0-x64-windows/avr-gcc-10.1.0-x64-windows/bin/../lib/gcc/avr/10.1.0/avr5\libgcc.a(_udivdi3.o)
 .debug_abbrev  0x0000000000000507       0x14 d:/courses/embedded systems/tools/avr-gcc-10.1.0-x64-windows/avr-gcc-10.1.0-x64-windows/bin/../lib/gcc/avr/10.1.0/avr5\libgcc.a(_udivmod64.o)
 .debug_abbrev  0x000000000000051b       0x14 d:/courses/embedded systems/tools/avr-gcc-10.1.0-x64-windows/avr-gcc-10.1.0-x64-windows/bin/../lib/gcc/avr/10.1.0/avr5\libgcc.a(_ashldi3.o)

.debug_line     0x0000000000000000      0x51c
 *(.debug_line .debug_line.* .debug_line_end)
 .debug_line    0x0000000000000000       0x1d d:/courses/embedded systems/tools/avr-gcc-10.1.0-x64-windows/avr-gcc-10.1.0-x64-windows/bin/../lib/gcc/avr/10.1.0/../../../../avr/lib/avr5/crtatmega32.o
 .debug_line    0x000000000000001d       0x61 d:/courses/embedded systems/tools/avr-gcc-10.1.0-x64-windows/avr-gcc-10.1.0-x64-windows/bin/../lib/gcc/avr/10.1.0/avr5\libgcc.a(_exit.o)
 .debug_line    0x000000000000007e       0x97 d:/courses/embedded systems/tools/avr-gcc-10.1.0-x64-windows/avr-gcc-10.1.0-x64-windows/bin/../lib/gcc/avr/10.1.0/avr5\libgcc.a(_copy_data.o)
 .debug_line    0x0000000000000115       0x85 d:/courses/embedded systems/tools/avr-gcc-10.1.0-x64-windows/avr-gcc-10.1.0-x64-windows/bin/../lib/gcc/avr/10.1.0/avr5\libgcc.a(_clear_bss.o)
 .debug_line    0x000000000000019a       0xaf d:/courses/embedded systems/tools/avr-gcc-10.1.0-x64-windows/avr-gcc-10.1.0-x64-windows/bin/../lib/gcc/avr/10.1.0/avr5\libgcc.a(_umulhisi3.o)
 .debug_line    0x0000000000000249       0xa3 d:/courses/embedded systems/tools/avr-gcc-10.1.0-x64-windows/avr-gcc-10.1.0-x64-windows/bin/../lib/gcc/avr/10.1.0/avr5\libgcc.a(_udivdi3.o)
 .debug_line    0x00000000000002ec      0x145 d:/courses/embedded systems/tools/avr-gcc-10.1.0-x64-windows/avr-gcc-10.1.0-x64-windows/bin/../lib/gcc/avr/10.1.0/avr5\libgcc.a(_udivmod64.o)
 .debug_line    0x0000000000000431       0xeb d:/courses/embedded systems/tools/avr-gcc-10.1.0-x64-windows/avr-gcc-10.1.0-x64-windows/bin/../lib/gcc/avr/10.1.0/avr5\libgcc.a(_ashldi3.o)

.debug_frame
 *(.debug_frame)

.debug_str      0x0000000000000000      0x1f8
 *(.debug_str)
 .debug_str     0x0000000000000000      0x199 d:/courses/embedded systems/tools/avr-gcc-10.1.0-x64-windows/avr-gcc-10.1.0-x64-windows/bin/../lib/gcc/avr/10.1.0/../../../../avr/lib/avr5/crtatmega32.o
 .debug_str     0x0000000000000199       0x5f d:/courses/embedded systems/tools/avr-gcc-10.1.0-x64-windows/avr-gcc-10.1.0-x64-windows/bin/../lib/gcc/avr/10.1.0/avr5\libgcc.a(_exit.o)
 .debug_str     0x00000000000001f8       0x5f d:/courses/embedded systems/tools/avr-gcc-10.1.0-x64-windows/avr-gcc-10.1.0-x64-windows/bin/../lib/gcc/avr/10.1.0/avr5\libgcc.a(_copy_data.o)
 .debug_str     0x00000000000001f8       0x5f d:/courses/embedded systems/tools/avr-gcc-10.1.0-x64-windows/avr-gcc-10.1.0-x64-windows/bin/../lib/gcc/avr/10.1.0/avr5\libgcc.a(_clear_bss.o)
 .debug_str     0x00000000000001f8       0x5f d:/courses/embedded systems/tools/avr-gcc-10.1.0-x64-windows/avr-gcc-10.1.0-x64-windows/bin/../lib/gcc/avr/10.1.0/avr5\libgcc.a(_umulhisi3.o)
 .debug_str     0x00000000000001f8       0x5f d:/courses/embedded systems/tools/avr-gcc-10.1.0-x64-windows/avr-gcc-10.1.0-x64-windows/bin/../lib/gcc/avr/10.1.0/avr5\libgcc.a(_udivdi3.o)
 .debug_str     0x00000000000001f8       0x5f d:/courses/embedded systems/tools/avr-gcc-10.1.0-x64-windows/avr-gcc-10.1.0-x64-windows/bin/../lib/gcc/avr/10.1.0/avr5\libgcc.a(_udivmod64.o)
 .debug_str     0x00000000000001f8       0x5f d:/courses/embedded systems/tools/avr-gcc-10.1.0-x64-windows/avr-gcc-10.1.0-x64-windows/bin/../lib/gcc/avr/10.1.0/avr5\libgcc.a(_ashldi3.o)

.debug_loc
 *(.debug_loc)

.debug_macinfo
 *(.debug_macinfo)

.debug_weaknames
 *(.debug_weaknames)

.debug_funcnames
 *(.debug_funcnames)

.debug_typenames
 *(.debug_typenames)

.debug_varnames
 *(.debug_varnames)

.debug_pubtypes
 *(.debug_pubtypes)

.debug_ranges
 *(.debug_ranges)

.debug_macro
 *(.debug_macro)

.debug_addr
 *(.debug_addr)
OUTPUT(UART_SPI_MASTER.elf elf32-avr)
LOAD linker stubs
